// Jest Snapshot v1, https://goo.gl/fbAQLP

exports[`findMoviesByTitle should be an array of movies objects 1`] = `
Array [
  dolphin Flipper,
]
`;
